((f(((((z 0x40051D)(w 64)(signed false))main))((((z 0x4004FD)(w 64)(signed false))g)(((z 0x40050D)(w 64)(signed false))f)(((z 0x40051D)(w 64)(signed false))main))((((z 0x4004FD)(w 64)(signed false))g)(((z 0x40050D)(w 64)(signed false))f)(((z 0x4004FD)(w 64)(signed false))g))))(g(((((z 0x40050D)(w 64)(signed false))f)(((z 0x4004FD)(w 64)(signed false))g)(((z 0x40050D)(w 64)(signed false))f))((((z 0x40050D)(w 64)(signed false))f)(((z 0x40051D)(w 64)(signed false))main))))(main(())))